
> archeaage-launcher@0.1.0 tauri
> tauri dev

     Running BeforeDevCommand (`npm run dev`)

> archeaage-launcher@0.1.0 dev
> vite


  [32m[1mVITE[22m v6.4.3[39m  [2mready in [0m[1m358[22m[2m[0m ms[22m

  [32mÔ×£[39m  [1mLocal[22m:   [36mhttp://127.0.0.1:[1m1420[22m/[39m
     Running DevCommand (`cargo  run --no-default-features --color always --`)
        Info Watching C:\Users\ivang\Desktop\Dev\ArcheaAge\apps\launcher\src-tauri for changes...
    Finished `dev` profile [unoptimized + debuginfo] target(s) in 0.52s
     Running `target\debug\archeaage-launcher.exe`
Backtrace:
	Awesomium::ResourceRequest::operator= [0x103503B0+3243888]
Backtrace:
	Awesomium::ResourceRequest::operator= [0x103503B0+3243888]
Backtrace:
	Awesomium::ResourceRequest::operator= [0x103503B0+3243888]
Backtrace:
	Awesomium::ResourceRequest::operator= [0x103503B0+3243888]
Backtrace:
	Awesomium::ResourceRequest::operator= [0x103503B0+3243888]
Backtrace:
	Awesomium::ResourceRequest::operator= [0x103503B0+3243888]
Backtrace:
	Awesomium::ResourceRequest::operator= [0x103503B0+3243888]
Backtrace:
	Awesomium::ResourceRequest::operator= [0x103503B0+3243888]
Backtrace:
	Awesomium::ResourceRequest::operator= [0x103503B0+3243888]
Backtrace:
	Awesomium::ResourceRequest::operator= [0x103503B0+3243888]
Backtrace:
	Awesomium::ResourceRequest::operator= [0x103503B0+3243888]
Backtrace:
	Awesomium::ResourceRequest::operator= [0x103503B0+3243888]
Backtrace:
	Awesomium::ResourceRequest::operator= [0x103503B0+3243888]
Backtrace:
	Awesomium::ResourceRequest::operator= [0x103503B0+3243888]
Backtrace:
	Awesomium::ResourceRequest::operator= [0x103503B0+3243888]
Backtrace:
	Awesomium::ResourceRequest::operator= [0x103503B0+3243888]
Backtrace:
	Awesomium::ResourceRequest::operator= [0x103503B0+3243888]
Backtrace:
	Awesomium::ResourceRequest::operator= [0x103503B0+3243888]
Backtrace:
	Awesomium::ResourceRequest::operator= [0x103503B0+3243888]
Backtrace:
	Awesomium::ResourceRequest::operator= [0x103503B0+3243888]
Backtrace:
	Awesomium::ResourceRequest::operator= [0x103503B0+3243888]
Backtrace:
	Awesomium::ResourceRequest::operator= [0x103503B0+3243888]
Backtrace:
	Awesomium::ResourceRequest::operator= [0x103503B0+3243888]
Backtrace:
	Awesomium::ResourceRequest::operator= [0x103503B0+3243888]
Backtrace:
	Awesomium::ResourceRequest::operator= [0x103503B0+3243888]
Backtrace:
	Awesomium::ResourceRequest::operator= [0x103503B0+3243888]
Backtrace:
	Awesomium::ResourceRequest::operator= [0x103503B0+3243888]
Backtrace:
	Awesomium::ResourceRequest::operator= [0x103503B0+3243888]
Backtrace:
	Awesomium::ResourceRequest::operator= [0x103503B0+3243888]
Backtrace:
	Awesomium::ResourceRequest::operator= [0x103503B0+3243888]
